---
source: crates/vize_atelier_sfc/src/compile_script/tests.rs
expression: result.code.as_str()
---
import { defineComponent as _defineComponent, type PropType } from 'vue'
import { SomeType } from './types'

const __sfc__ = /*@__PURE__*/_defineComponent({
  __name: 'Test',
  setup(__props, { expose: __expose, emit: __emit }) {
  __expose();
  const props = __props
  const __returned__ = { SomeType, items }
  Object.defineProperty(__returned__, '__isScriptSetup', { enumerable: false, value: true })
  return __returned__
  }

});
