---
source: crates/vize_atelier_core/src/codegen.rs
expression: output.as_str()
---
const { openBlock: _openBlock, createElementBlock: _createElementBlock, withDirectives: _withDirectives, vModelText: _vModelText } = Vue

function render(_ctx, _cache, $props, $setup, $data, $options) {
  return _withDirectives((_openBlock(), _createElementBlock("input", {
    "onUpdate:modelValue": $event => ((inputValue) = $event)
  }, null, 8 /* PROPS */, ["onUpdate:modelValue"])), [
    [_vModelText, inputValue]
  ])
}
