<template>
  <section>
    <ul>
      <li>
        <span
          class="label"
          :title="
            buildTooltipText(
              `first
  raw second line`,
              currentItem.secondaryValue,
              currentItem.extra,
            )
          "
        />
      </li>
    </ul>
  </section>
</template>
