---
source: crates/vize_atelier_sfc/src/compile_script/inline/tests.rs
expression: output.as_str()
---
import { ref } from "vue";
export default {
  __name: "TestComponent",
  props: { msg: {
    type: String,
    required: true
  } },
  setup(__props) {
    const count = ref(0);
    return (_ctx, _cache) => {
      return null;
    };
  }
};
