{
  "files": [
    {
      "file": "src/DefineEmitsMethodInterfaceError.vue",
      "diagnostics": [
        "error:10:18 [TS2345] Argument of type 'number' is not assignable to parameter of type 'string'.",
        "error:11:8 [TS2345] Argument of type '\"close\"' is not assignable to parameter of type '\"submit\"'."
      ]
    },
    {
      "file": "src/DefineExposeError.vue",
      "diagnostics": [
        "error:9:7 [TS2322] Type 'string' is not assignable to type 'number'."
      ]
    },
    {
      "file": "src/DefinePropsRuntimeDeclError.vue",
      "diagnostics": [
        "error:10:7 [TS2322] Type 'number' is not assignable to type 'string'.",
        "error:11:21 [TS18048] 'props.label' is possibly 'undefined'."
      ]
    },
    {
      "file": "src/DefineSlotsError.vue",
      "diagnostics": [
        "error:6:40 [TS2322] Type 'number' is not assignable to type 'string'."
      ]
    },
    {
      "file": "src/EmitArgsMismatch.vue",
      "diagnostics": [
        "error:12:8 [TS2769] No overload matches this call.\nThe last overload gave the following error.\nArgument of type '\"update\"' is not assignable to parameter of type '\"count\"'.",
        "error:13:17 [TS2769] No overload matches this call.\nThe last overload gave the following error.\nArgument of type 'string' is not assignable to parameter of type 'number'."
      ]
    },
    {
      "file": "src/InlineHandlerError.vue",
      "diagnostics": [
        "error:12:33 [TS2345] Argument of type 'number' is not assignable to parameter of type 'string'."
      ]
    },
    {
      "file": "src/InvalidTemplateExpr.vue",
      "diagnostics": [
        "error:7:17 [TS2339] Property 'toUpperCase' does not exist on type 'number'."
      ]
    },
    {
      "file": "src/MissingRequiredProp.vue",
      "diagnostics": [
        "error:6:21 [TS2339] Property 'nonExistent' does not exist on type '{ title: string; count: number; }'."
      ]
    },
    {
      "file": "src/NoImplicitAnyError.vue",
      "diagnostics": [
        "error:5:17 [TS7006] Parameter 'e' implicitly has an 'any' type."
      ]
    },
    {
      "file": "src/PropsTypeMismatch.vue",
      "diagnostics": [
        "error:10:7 [TS2322] Type 'number' is not assignable to type 'string'.",
        "error:11:7 [TS2322] Type 'string' is not assignable to type 'number'."
      ]
    },
    {
      "file": "src/ProvideInjectSymbolError.vue",
      "diagnostics": [
        "error:5:7 [TS2322] Type 'number' is not assignable to type 'string'."
      ]
    },
    {
      "file": "src/TemplateInlineFunction.vue",
      "diagnostics": [
        "error:10:15 [TS2339] Property 'toUpperCase' does not exist on type 'number'.",
        "error:16:15 [TS2322] Type 'number' is not assignable to type 'string'."
      ]
    },
    {
      "file": "src/TypeMismatch.vue",
      "diagnostics": [
        "error:2:7 [TS2322] Type 'string' is not assignable to type 'number'."
      ]
    },
    {
      "file": "src/UndefinedVariable.vue",
      "diagnostics": [
        "error:2:13 [TS2304] Cannot find name 'nonExistent'."
      ]
    },
    {
      "file": "src/UseTemplateRefError.vue",
      "diagnostics": [
        "error:9:11 [TS2322] Type 'string' is not assignable to type 'number'.",
        "error:10:20 [TS2339] Property 'nonExistentMethod' does not exist on type 'HTMLInputElement'."
      ]
    },
    {
      "file": "src/VBindWrongType.vue",
      "diagnostics": [
        "error:10:26 [TS2339] Property 'toUpperCase' does not exist on type 'number'.",
        "error:11:23 [TS2339] Property 'split' does not exist on type 'number[]'."
      ]
    },
    {
      "file": "src/WrongEventHandler.vue",
      "diagnostics": [
        "error:12:28 [TS2345] Argument of type '(name: string) => void' is not assignable to parameter of type '($event: PointerEvent) => unknown'.\nTypes of parameters 'name' and '$event' are incompatible.\nType 'PointerEvent' is not assignable to type 'string'."
      ]
    },
    {
      "file": "src/WrongFunctionArgs.vue",
      "diagnostics": [
        "error:5:22 [TS2345] Argument of type 'number' is not assignable to parameter of type 'string'."
      ]
    }
  ],
  "errorCount": 25,
  "warningCount": 0,
  "fileCount": 18
}
