{
  "files": [
    {
      "file": "src/App.vue",
      "diagnostics": []
    },
    {
      "file": "src/components/common/alertTip.vue",
      "diagnostics": []
    },
    {
      "file": "src/components/common/buyCart.vue",
      "diagnostics": [
        "error:35:42 [TS2307] Cannot find module 'vuex' or its corresponding type declarations.",
        "error:62:37 [TS2339] Property 'num' does not exist on type 'unknown'."
      ]
    },
    {
      "file": "src/components/common/computeTime.vue",
      "diagnostics": [
        "error:6:48 [TS2588] Cannot assign to 'showAlert' because it is a constant.",
        "error:53:39 [TS2345] Argument of type 'number' is not assignable to parameter of type 'string'.",
        "error:54:39 [TS2345] Argument of type 'number' is not assignable to parameter of type 'string'.",
        "error:56:21 [TS2322] Type 'string' is not assignable to type 'number'.",
        "error:59:21 [TS2322] Type 'string' is not assignable to type 'number'."
      ]
    },
    {
      "file": "src/components/common/loading.vue",
      "diagnostics": []
    },
    {
      "file": "src/components/common/ratingStar.vue",
      "diagnostics": []
    },
    {
      "file": "src/components/common/shoplist.vue",
      "diagnostics": [
        "error:10:60 Template parse error: Duplicate attribute `class`. Keeping the repeated attribute so parsing can continue."
      ]
    },
    {
      "file": "src/components/common/svg.vue",
      "diagnostics": []
    },
    {
      "file": "src/components/footer/footGuide.vue",
      "diagnostics": [
        "error:23:31 [TS2339] Property '$router' does not exist on type '__VizeThis'.",
        "error:23:65 [TS18004] No value exists in scope for the shorthand property 'geohash'. Either declare one or provide an initializer.",
        "error:23:65 [TS2304] Cannot find name 'geohash'.",
        "error:29:58 [TS2304] Cannot find name 'geohash'.",
        "error:51:28 [TS2307] Cannot find module 'vuex' or its corresponding type declarations."
      ]
    },
    {
      "file": "src/components/header/head.vue",
      "diagnostics": [
        "error:10:27 [TS2304] Cannot find name 'userInfo'.",
        "error:11:44 [TS2304] Cannot find name 'userInfo'.",
        "error:27:40 [TS2307] Cannot find module 'vuex' or its corresponding type declarations."
      ]
    },
    {
      "file": "src/page/balance/balance.vue",
      "diagnostics": [
        "error:25:48 [TS2588] Cannot assign to 'showAlert' because it is a constant."
      ]
    },
    {
      "file": "src/page/balance/children/detail.vue",
      "diagnostics": [
        "error:18:42 [TS2307] Cannot find module 'vuex' or its corresponding type declarations."
      ]
    },
    {
      "file": "src/page/benefit/benefit.vue",
      "diagnostics": [
        "error:6:70 [TS2588] Cannot assign to 'categoryType' because it is a constant.",
        "error:7:70 [TS2588] Cannot assign to 'categoryType' because it is a constant.",
        "error:77:48 [TS2588] Cannot assign to 'showAlert' because it is a constant.",
        "error:87:42 [TS2307] Cannot find module 'vuex' or its corresponding type declarations.",
        "error:214:18 [TS2339] Property 'userInfo' does not exist on type '__VizeThis'.",
        "error:215:36 [TS1308] 'await' expressions are only allowed within async functions and at the top levels of modules.",
        "error:216:15 [TS2339] Property 'userInfo' does not exist on type '__VizeThis'."
      ]
    },
    {
      "file": "src/page/benefit/children/commend.vue",
      "diagnostics": [
        "error:36:48 [TS2588] Cannot assign to 'showAlert' because it is a constant.",
        "error:42:28 [TS2307] Cannot find module 'vuex' or its corresponding type declarations."
      ]
    },
    {
      "file": "src/page/benefit/children/coupon.vue",
      "diagnostics": [
        "error:24:42 [TS2307] Cannot find module 'vuex' or its corresponding type declarations."
      ]
    },
    {
      "file": "src/page/benefit/children/exchange.vue",
      "diagnostics": [
        "error:18:48 [TS2588] Cannot assign to 'showAlert' because it is a constant.",
        "error:24:28 [TS2307] Cannot find module 'vuex' or its corresponding type declarations."
      ]
    },
    {
      "file": "src/page/benefit/children/hbDescription.vue",
      "diagnostics": [
        "error:51:42 [TS2307] Cannot find module 'vuex' or its corresponding type declarations.",
        "error:55:25 [TS2307] Cannot find module 'better-scroll' or its corresponding type declarations."
      ]
    },
    {
      "file": "src/page/benefit/children/hbHistory.vue",
      "diagnostics": [
        "error:36:42 [TS2307] Cannot find module 'vuex' or its corresponding type declarations.",
        "error:39:25 [TS2307] Cannot find module 'better-scroll' or its corresponding type declarations."
      ]
    },
    {
      "file": "src/page/city/city.vue",
      "diagnostics": []
    },
    {
      "file": "src/page/confirmOrder/children/children/addAddress.vue",
      "diagnostics": [
        "error:30:100 [TS2588] Cannot assign to 'phone_bk' because it is a constant.",
        "error:38:127 [TS2304] Cannot find name 'searchAddress'.",
        "error:38:142 [TS2304] Cannot find name 'searchAddress'.",
        "error:51:48 [TS2588] Cannot assign to 'showAlert' because it is a constant.",
        "error:60:42 [TS2307] Cannot find module 'vuex' or its corresponding type declarations."
      ]
    },
    {
      "file": "src/page/confirmOrder/children/children/children/searchAddress.vue",
      "diagnostics": [
        "error:27:32 [TS2307] Cannot find module 'vuex' or its corresponding type declarations."
      ]
    },
    {
      "file": "src/page/confirmOrder/children/chooseAddress.vue",
      "diagnostics": [
        "error:51:48 [TS2588] Cannot assign to 'showAlert' because it is a constant.",
        "error:60:42 [TS2307] Cannot find module 'vuex' or its corresponding type declarations.",
        "error:63:25 [TS2307] Cannot find module 'better-scroll' or its corresponding type declarations."
      ]
    },
    {
      "file": "src/page/confirmOrder/children/invoice.vue",
      "diagnostics": [
        "error:16:32 [TS2307] Cannot find module 'vuex' or its corresponding type declarations."
      ]
    },
    {
      "file": "src/page/confirmOrder/children/payment.vue",
      "diagnostics": [
        "error:10:31 [TS2304] Cannot find name 'cartPrice'.",
        "error:10:42 [TS2304] Cannot find name 'cartPrice'.",
        "error:23:50 [TS2588] Cannot assign to 'payWay' because it is a constant.",
        "error:34:50 [TS2588] Cannot assign to 'payWay' because it is a constant.",
        "error:46:42 [TS2307] Cannot find module 'vuex' or its corresponding type declarations.",
        "error:85:39 [TS2345] Argument of type 'number' is not assignable to parameter of type 'string'.",
        "error:87:21 [TS2322] Type 'string' is not assignable to type 'number'.",
        "error:89:39 [TS2345] Argument of type 'number' is not assignable to parameter of type 'string'.",
        "error:91:21 [TS2322] Type 'string' is not assignable to type 'number'."
      ]
    },
    {
      "file": "src/page/confirmOrder/children/remark.vue",
      "diagnostics": [
        "error:27:32 [TS2307] Cannot find module 'vuex' or its corresponding type declarations."
      ]
    },
    {
      "file": "src/page/confirmOrder/children/userValidation.vue",
      "diagnostics": [
        "error:20:48 [TS2588] Cannot assign to 'showAlert' because it is a constant.",
        "error:26:42 [TS2307] Cannot find module 'vuex' or its corresponding type declarations."
      ]
    },
    {
      "file": "src/page/confirmOrder/confirmOrder.vue",
      "diagnostics": [
        "error:10:53 [TS2304] Cannot find name 'choosedAddress'.",
        "error:13:37 [TS2304] Cannot find name 'choosedAddress'.",
        "error:14:37 [TS2304] Cannot find name 'choosedAddress'.",
        "error:15:37 [TS2304] Cannot find name 'choosedAddress'.",
        "error:18:41 [TS2304] Cannot find name 'choosedAddress'.",
        "error:18:90 [TS2304] Cannot find name 'choosedAddress'.",
        "error:18:97 [TS2304] Cannot find name 'choosedAddress'.",
        "error:18:110 [TS2304] Cannot find name 'choosedAddress'.",
        "error:18:121 [TS2304] Cannot find name 'choosedAddress'.",
        "error:18:139 [TS2304] Cannot find name 'choosedAddress'.",
        "error:19:34 [TS2304] Cannot find name 'choosedAddress'.",
        "error:19:55 [TS2304] Cannot find name 'choosedAddress'.",
        "error:88:50 [TS2304] Cannot find name 'remarkText'.",
        "error:88:62 [TS2304] Cannot find name 'inputText'.",
        "error:126:48 [TS2588] Cannot assign to 'showAlert' because it is a constant.",
        "error:134:42 [TS2307] Cannot find module 'vuex' or its corresponding type declarations.",
        "error:214:42 [TS2339] Property 'id' does not exist on type 'unknown'.",
        "error:215:44 [TS2339] Property 'name' does not exist on type 'unknown'.",
        "error:216:51 [TS2339] Property 'packing_fee' does not exist on type 'unknown'.",
        "error:217:45 [TS2339] Property 'price' does not exist on type 'unknown'.",
        "error:218:48 [TS2339] Property 'num' does not exist on type 'unknown'.",
        "error:219:46 [TS2339] Property 'sku_id' does not exist on type 'unknown'.",
        "error:220:46 [TS2339] Property 'specs' does not exist on type 'unknown'.",
        "error:221:45 [TS2339] Property 'stock' does not exist on type 'unknown'.",
        "error:332:2 [TS2339] Property 'remarkText' does not exist on type '__VizeThis'.",
        "error:333:12 [TS2339] Property 'remarkText' does not exist on type '__VizeThis'.",
        "error:340:13 [TS2339] Property 'inputText' does not exist on type '__VizeThis'.",
        "error:342:4 [TS2339] Property 'inputText' does not exist on type '__VizeThis'.",
        "error:357:40 [TS2339] Property 'id' does not exist on type 'unknown'.",
        "error:359:1 [TS2339] Property 'name' does not exist on type 'unknown'.",
        "error:360:12 [TS2339] Property 'packing_fee' does not exist on type 'unknown'.",
        "error:362:24 [TS2339] Property 'price' does not exist on type 'unknown'.",
        "error:364:5 [TS2339] Property 'num' does not exist on type 'unknown'.",
        "error:368:7 [TS2339] Property 'sku_id' does not exist on type 'unknown'.",
        "error:369:34 [TS2339] Property 'specs' does not exist on type 'unknown'.",
        "error:373:4 [TS2339] Property 'stock' does not exist on type 'unknown'.",
        "error:379:19 [TS1308] 'await' expressions are only allowed within async functions and at the top levels of modules.",
        "error:382:19 [TS2339] Property 'SAVE_CART_ID_SIG' does not exist on type '__VizeThis'.",
        "error:390:39 [TS2339] Property 'userInfo' does not exist on type '__VizeThis'.",
        "error:391:14 [TS2339] Property 'userInfo' does not exist on type '__VizeThis'.",
        "error:393:1 [TS1308] 'await' expressions are only allowed within async functions and at the top levels of modules.",
        "error:393:27 [TS2339] Property 'userInfo' does not exist on type '__VizeThis'.",
        "error:397:8 [TS2339] Property 'CHOOSE_ADDRESS' does not exist on type '__VizeThis'.",
        "error:428:10 [TS2339] Property 'userInfo' does not exist on type '__VizeThis'.",
        "error:428:27 [TS2339] Property 'userInfo' does not exist on type '__VizeThis'.",
        "error:437:5 [TS2339] Property 'choosedAddress' does not exist on type '__VizeThis'.",
        "error:448:3 [TS2339] Property 'SAVE_ORDER_PARAM' does not exist on type '__VizeThis'.",
        "error:449:5 [TS2339] Property 'userInfo' does not exist on type '__VizeThis'.",
        "error:452:14 [TS2339] Property 'choosedAddress' does not exist on type '__VizeThis'.",
        "error:465:26 [TS1308] 'await' expressions are only allowed within async functions and at the top levels of modules.",
        "error:466:6 [TS2339] Property 'userInfo' does not exist on type '__VizeThis'.",
        "error:468:18 [TS2339] Property 'choosedAddress' does not exist on type '__VizeThis'.",
        "error:479:16 [TS2339] Property 'NEED_VALIDATION' does not exist on type '__VizeThis'.",
        "error:480:46 [TS2339] Property '$router' does not exist on type '__VizeThis'.",
        "error:486:8 [TS2339] Property 'ORDER_SUCCESS' does not exist on type '__VizeThis'.",
        "error:488:18 [TS2339] Property '$router' does not exist on type '__VizeThis'."
      ]
    },
    {
      "file": "src/page/download/download.vue",
      "diagnostics": [
        "error:9:48 [TS2588] Cannot assign to 'showAlert' because it is a constant."
      ]
    },
    {
      "file": "src/page/find/find.vue",
      "diagnostics": []
    },
    {
      "file": "src/page/food/food.vue",
      "diagnostics": [
        "error:21:22 [TS2349] This expression is not callable.\nType '{ methods: { getImgPath(path: any): string; }; }' has no call signatures.",
        "error:35:62 [TS2304] Cannot find name 'index'.",
        "error:172:29 [TS2304] Cannot find name 'latitude'.",
        "error:172:61 [TS2304] Cannot find name 'latitude'.",
        "error:172:109 [TS2304] Cannot find name 'latitude'.",
        "error:172:147 [TS2304] Cannot find name 'latitude'.",
        "error:172:174 [TS2304] Cannot find name 'latitude'.",
        "error:172:205 [TS2304] Cannot find name 'latitude'.",
        "error:172:233 [TS2304] Cannot find name 'latitude'.",
        "error:172:251 [TS2304] Cannot find name 'latitude'.",
        "error:178:40 [TS2307] Cannot find module 'vuex' or its corresponding type declarations.",
        "error:350:7 [TS2339] Property '$route' does not exist on type '__VizeThis'.",
        "error:352:3 [TS2339] Property '$route' does not exist on type '__VizeThis'.",
        "error:357:16 [TS2339] Property '$route' does not exist on type '__VizeThis'.",
        "error:365:6 [TS2339] Property 'latitude' does not exist on type '__VizeThis'.",
        "error:367:18 [TS1308] 'await' expressions are only allowed within async functions and at the top levels of modules.",
        "error:371:5 [TS2339] Property 'RECORD_ADDRESS' does not exist on type '__VizeThis'.",
        "error:374:21 [TS1308] 'await' expressions are only allowed within async functions and at the top levels of modules.",
        "error:375:15 [TS2339] Property 'latitude' does not exist on type '__VizeThis'.",
        "error:375:30 [TS2339] Property 'longitude' does not exist on type '__VizeThis'.",
        "error:394:2 [TS1308] 'await' expressions are only allowed within async functions and at the top levels of modules.",
        "error:394:26 [TS2339] Property 'latitude' does not exist on type '__VizeThis'.",
        "error:395:6 [TS2339] Property 'longitude' does not exist on type '__VizeThis'.",
        "error:400:17 [TS1308] 'await' expressions are only allowed within async functions and at the top levels of modules.",
        "error:401:14 [TS2339] Property 'latitude' does not exist on type '__VizeThis'.",
        "error:402:3 [TS2339] Property 'longitude' does not exist on type '__VizeThis'."
      ]
    },
    {
      "file": "src/page/forget/forget.vue",
      "diagnostics": [
        "error:54:17 [TS1117] An object literal cannot have multiple properties with the same name."
      ]
    },
    {
      "file": "src/page/home/home.vue",
      "diagnostics": [
        "error:21:85 [TS2339] Property 'id' does not exist on type 'never'.",
        "error:21:100 [TS2339] Property 'id' does not exist on type 'never'.",
        "error:22:28 [TS2339] Property 'name' does not exist on type 'never'."
      ]
    },
    {
      "file": "src/page/login/login.vue",
      "diagnostics": [
        "error:55:13 [TS2305] Module '\"src/config/env\"' has no exported member 'localapi'.",
        "error:55:23 [TS2305] Module '\"src/config/env\"' has no exported member 'proapi'.",
        "error:56:42 [TS2307] Cannot find module 'vuex' or its corresponding type declarations.",
        "error:57:37 [TS2459] Module '\"../../service/getData\"' declares 'sendLogin' locally, but it is not exported."
      ]
    },
    {
      "file": "src/page/msite/msite.vue",
      "diagnostics": [
        "error:44:28 [TS2307] Cannot find module 'vuex' or its corresponding type declarations.",
        "error:92:14 [TS2304] Cannot find name 'Swiper'."
      ]
    },
    {
      "file": "src/page/order/children/orderDetail.vue",
      "diagnostics": [
        "error:7:45 [TS2552] Cannot find name 'orderDetail'. Did you mean 'orderData'?",
        "error:8:26 [TS2552] Cannot find name 'orderDetail'. Did you mean 'orderData'?",
        "error:9:26 [TS2552] Cannot find name 'orderDetail'. Did you mean 'orderData'?",
        "error:10:83 [TS18004] No value exists in scope for the shorthand property 'geohash'. Either declare one or provide an initializer.",
        "error:10:83 [TS2304] Cannot find name 'geohash'.",
        "error:10:96 [TS2552] Cannot find name 'orderDetail'. Did you mean 'orderData'?",
        "error:13:88 [TS18004] No value exists in scope for the shorthand property 'geohash'. Either declare one or provide an initializer.",
        "error:13:101 [TS2552] Cannot find name 'orderDetail'. Did you mean 'orderData'?",
        "error:15:53 [TS2552] Cannot find name 'orderDetail'. Did you mean 'orderData'?",
        "error:16:37 [TS2552] Cannot find name 'orderDetail'. Did you mean 'orderData'?",
        "error:33:33 [TS2552] Cannot find name 'orderDetail'. Did you mean 'orderData'?",
        "error:33:65 [TS2552] Cannot find name 'orderDetail'. Did you mean 'orderData'?",
        "error:35:47 [TS2552] Cannot find name 'orderDetail'. Did you mean 'orderData'?",
        "error:65:34 [TS2552] Cannot find name 'orderDetail'. Did you mean 'orderData'?",
        "error:77:34 [TS2552] Cannot find name 'orderDetail'. Did you mean 'orderData'?",
        "error:90:42 [TS2307] Cannot find module 'vuex' or its corresponding type declarations.",
        "error:95:25 [TS2307] Cannot find module 'better-scroll' or its corresponding type declarations.",
        "error:258:42 [TS2339] Property 'userInfo' does not exist on type '__VizeThis'.",
        "error:260:3 [TS2339] Property 'userInfo' does not exist on type '__VizeThis'.",
        "error:262:31 [TS1308] 'await' expressions are only allowed within async functions and at the top levels of modules.",
        "error:263:16 [TS2339] Property 'userInfo' does not exist on type '__VizeThis'.",
        "error:263:39 [TS2551] Property 'orderDetail' does not exist on type '__VizeThis'. Did you mean 'orderData'?",
        "error:266:29 [TS2339] Property '$nextTick' does not exist on type '__VizeThis'."
      ]
    },
    {
      "file": "src/page/order/order.vue",
      "diagnostics": [
        "error:30:67 [TS18004] No value exists in scope for the shorthand property 'geohash'. Either declare one or provide an initializer.",
        "error:30:67 [TS2304] Cannot find name 'geohash'.",
        "error:47:42 [TS2307] Cannot find module 'vuex' or its corresponding type declarations."
      ]
    },
    {
      "file": "src/page/points/children/detail.vue",
      "diagnostics": [
        "error:25:42 [TS2307] Cannot find module 'vuex' or its corresponding type declarations."
      ]
    },
    {
      "file": "src/page/points/points.vue",
      "diagnostics": [
        "error:26:48 [TS2588] Cannot assign to 'showAlert' because it is a constant."
      ]
    },
    {
      "file": "src/page/profile/children/children/address.vue",
      "diagnostics": [
        "error:38:40 [TS2307] Cannot find module 'vuex' or its corresponding type declarations.",
        "error:49:9 [TS2300] Duplicate identifier 'mounted'.",
        "error:53:9 [TS2300] Duplicate identifier 'mounted'."
      ]
    },
    {
      "file": "src/page/profile/children/children/children/add.vue",
      "diagnostics": [
        "error:13:87 [TS2304] Cannot find name 'addAddress'.",
        "error:37:48 [TS2588] Cannot assign to 'showAlert' because it is a constant.",
        "error:44:42 [TS2307] Cannot find module 'vuex' or its corresponding type declarations."
      ]
    },
    {
      "file": "src/page/profile/children/children/children/children/addDetail.vue",
      "diagnostics": [
        "error:31:42 [TS2307] Cannot find module 'vuex' or its corresponding type declarations."
      ]
    },
    {
      "file": "src/page/profile/children/children/setusername.vue",
      "diagnostics": [
        "error:22:41 [TS2307] Cannot find module 'vuex' or its corresponding type declarations."
      ]
    },
    {
      "file": "src/page/profile/children/info.vue",
      "diagnostics": [
        "error:9:33 [TS2304] Cannot find name 'userInfo'.",
        "error:9:50 [TS2304] Cannot find name 'userInfo'.",
        "error:9:62 [TS2304] Cannot find name 'userInfo'.",
        "error:98:48 [TS2588] Cannot assign to 'showAlert' because it is a constant.",
        "error:106:42 [TS2307] Cannot find module 'vuex' or its corresponding type declarations.",
        "error:179:47 [TS2339] Property 'files' does not exist on type 'Element'.",
        "error:315:10 [TS2339] Property 'timer' does not exist on type '__VizeThis'.",
        "error:318:19 [TS2339] Property 'timer' does not exist on type '__VizeThis'.",
        "error:320:23 [TS2339] Property 'timer' does not exist on type '__VizeThis'.",
        "error:327:19 [TS2551] Property 'OUT_LOGIN' does not exist on type '__VizeThis'. Did you mean 'outLogin'?",
        "error:330:17 [TS2339] Property '$router' does not exist on type '__VizeThis'.",
        "error:332:22 [TS1308] 'await' expressions are only allowed within async functions and at the top levels of modules.",
        "error:341:4 [TS2339] Property 'userInfo' does not exist on type '__VizeThis'.",
        "error:347:4 [TS2339] Property 'files' does not exist on type 'Element'.",
        "error:348:31 [TS1308] 'await' expressions are only allowed within async functions and at the top levels of modules.",
        "error:349:27 [TS2339] Property 'userInfo' does not exist on type '__VizeThis'.",
        "error:358:12 [TS1308] 'await' expressions are only allowed within async functions and at the top levels of modules.",
        "error:362:18 [TS2339] Property 'userInfo' does not exist on type '__VizeThis'."
      ]
    },
    {
      "file": "src/page/profile/profile.vue",
      "diagnostics": [
        "error:6:35 [TS2304] Cannot find name 'userInfo'.",
        "error:6:45 [TS2304] Cannot find name 'userInfo'.",
        "error:7:33 [TS2304] Cannot find name 'userInfo'.",
        "error:7:43 [TS2304] Cannot find name 'userInfo'.",
        "error:7:45 [TS2304] Cannot find name 'userInfo'.",
        "error:7:89 [TS2304] Cannot find name 'userInfo'.",
        "error:7:99 [TS2304] Cannot find name 'userInfo'.",
        "error:142:38 [TS2307] Cannot find module 'vuex' or its corresponding type declarations.",
        "error:238:33 [TS2551] Property 'getImgPath' does not exist on type '__VizeThis'. Did you mean 'imgpath'?",
        "error:240:13 [TS2339] Property 'SAVE_AVANDER' does not exist on type '__VizeThis'.",
        "error:245:1 [TS2339] Property 'userInfo' does not exist on type '__VizeThis'.",
        "error:245:18 [TS2339] Property 'userInfo' does not exist on type '__VizeThis'.",
        "error:246:36 [TS2339] Property 'userInfo' does not exist on type '__VizeThis'.",
        "error:249:1 [TS2339] Property 'userInfo' does not exist on type '__VizeThis'.",
        "error:250:18 [TS2339] Property 'userInfo' does not exist on type '__VizeThis'.",
        "error:252:21 [TS2339] Property 'userInfo' does not exist on type '__VizeThis'.",
        "error:253:20 [TS2339] Property 'userInfo' does not exist on type '__VizeThis'.",
        "error:254:36 [TS2339] Property 'userInfo' does not exist on type '__VizeThis'."
      ]
    },
    {
      "file": "src/page/search/search.vue",
      "diagnostics": []
    },
    {
      "file": "src/page/service/children/questionDetail.vue",
      "diagnostics": [
        "error:3:32 [TS2304] Cannot find name 'question'.",
        "error:12:42 [TS2307] Cannot find module 'vuex' or its corresponding type declarations.",
        "error:13:26 [TS2307] Cannot find module 'showdown' or its corresponding type declarations.",
        "error:14:25 [TS2307] Cannot find module 'better-scroll' or its corresponding type declarations."
      ]
    },
    {
      "file": "src/page/service/service.vue",
      "diagnostics": [
        "error:38:32 [TS2307] Cannot find module 'vuex' or its corresponding type declarations."
      ]
    },
    {
      "file": "src/page/shop/children/children/shopSafe.vue",
      "diagnostics": [
        "error:11:60 [TS2304] Cannot find name 'shopDetail'.",
        "error:21:70 [TS2304] Cannot find name 'shopDetail'.",
        "error:26:41 [TS2304] Cannot find name 'shopDetail'.",
        "error:26:88 [TS2304] Cannot find name 'shopDetail'.",
        "error:38:34 [TS2304] Cannot find name 'shopDetail'.",
        "error:42:34 [TS2304] Cannot find name 'shopDetail'.",
        "error:46:34 [TS2304] Cannot find name 'shopDetail'.",
        "error:50:34 [TS2304] Cannot find name 'shopDetail'.",
        "error:54:34 [TS2304] Cannot find name 'shopDetail'.",
        "error:58:34 [TS2304] Cannot find name 'shopDetail'.",
        "error:62:34 [TS2304] Cannot find name 'shopDetail'.",
        "error:71:34 [TS2304] Cannot find name 'shopDetail'.",
        "error:75:34 [TS2304] Cannot find name 'shopDetail'.",
        "error:79:34 [TS2304] Cannot find name 'shopDetail'.",
        "error:83:34 [TS2304] Cannot find name 'shopDetail'.",
        "error:87:34 [TS2304] Cannot find name 'shopDetail'.",
        "error:94:70 [TS2304] Cannot find name 'shopDetail'.",
        "error:94:114 [TS2349] This expression is not callable.\nType '{ methods: { getImgPath(path: any): string; }; }' has no call signatures.",
        "error:94:125 [TS2304] Cannot find name 'shopDetail'.",
        "error:95:70 [TS2304] Cannot find name 'shopDetail'.",
        "error:95:122 [TS2349] This expression is not callable.\nType '{ methods: { getImgPath(path: any): string; }; }' has no call signatures.",
        "error:95:133 [TS2304] Cannot find name 'shopDetail'.",
        "error:104:28 [TS2307] Cannot find module 'vuex' or its corresponding type declarations.",
        "error:107:25 [TS2307] Cannot find module 'better-scroll' or its corresponding type declarations.",
        "error:108:14 [TS2305] Module '\"src/config/env\"' has no exported member 'localapi'.",
        "error:108:24 [TS2305] Module '\"src/config/env\"' has no exported member 'proapi'."
      ]
    },
    {
      "file": "src/page/shop/children/foodDetail.vue",
      "diagnostics": []
    },
    {
      "file": "src/page/shop/children/shopDetail.vue",
      "diagnostics": [
        "error:31:52 [TS2304] Cannot find name 'shopDetail'.",
        "error:41:62 [TS2304] Cannot find name 'shopDetail'.",
        "error:46:33 [TS2304] Cannot find name 'shopDetail'.",
        "error:46:80 [TS2304] Cannot find name 'shopDetail'.",
        "error:53:18 [TS2304] Cannot find name 'shopDetail'.",
        "error:54:21 [TS2304] Cannot find name 'shopDetail'.",
        "error:55:24 [TS2304] Cannot find name 'shopDetail'.",
        "error:56:39 [TS2304] Cannot find name 'shopDetail'.",
        "error:61:39 [TS2304] Cannot find name 'shopDetail'.",
        "error:69:78 [TS2588] Cannot assign to 'showlicenseImg' because it is a constant.",
        "error:81:28 [TS2307] Cannot find module 'vuex' or its corresponding type declarations."
      ]
    },
    {
      "file": "src/page/shop/shop.vue",
      "diagnostics": [
        "error:68:85 [TS2588] Cannot assign to 'changeShowType' because it is a constant.",
        "error:71:87 [TS2588] Cannot assign to 'changeShowType' because it is a constant.",
        "error:80:48 [TS2349] This expression is not callable.\nType '{ methods: { getImgPath(path: any): string; }; }' has no call signatures.",
        "error:109:67 [TS2304] Cannot find name 'attribute'.",
        "error:234:48 [TS2349] This expression is not callable.\nType '{ methods: { getImgPath(path: any): string; }; }' has no call signatures.",
        "error:248:60 [TS2349] This expression is not callable.\nType '{ methods: { getImgPath(path: any): string; }; }' has no call signatures.",
        "error:272:101 Template parse error: Missing whitespace between attributes; inferred a new attribute boundary.",
        "error:321:42 [TS2307] Cannot find module 'vuex' or its corresponding type declarations.",
        "error:328:25 [TS2307] Cannot find module 'better-scroll' or its corresponding type declarations.",
        "error:456:54 [TS2339] Property 'offsetTop' does not exist on type 'unknown'.",
        "error:458:23 [TS2339] Property 'cartList' does not exist on type '__VizeThis'.",
        "error:466:15 [TS2339] Property 'latitude' does not exist on type '__VizeThis'.",
        "error:468:26 [TS1308] 'await' expressions are only allowed within async functions and at the top levels of modules.",
        "error:472:22 [TS2339] Property 'RECORD_ADDRESS' does not exist on type '__VizeThis'.",
        "error:476:6 [TS1308] 'await' expressions are only allowed within async functions and at the top levels of modules.",
        "error:476:42 [TS2339] Property 'latitude' does not exist on type '__VizeThis'.",
        "error:477:1 [TS2339] Property 'longitude' does not exist on type '__VizeThis'.",
        "error:479:6 [TS1308] 'await' expressions are only allowed within async functions and at the top levels of modules.",
        "error:481:14 [TS1308] 'await' expressions are only allowed within async functions and at the top levels of modules.",
        "error:483:1 [TS1308] 'await' expressions are only allowed within async functions and at the top levels of modules.",
        "error:484:4 [TS1308] 'await' expressions are only allowed within async functions and at the top levels of modules.",
        "error:485:4 [TS2339] Property 'RECORD_SHOPDETAIL' does not exist on type '__VizeThis'.",
        "error:491:7 [TS2339] Property '$refs' does not exist on type '__VizeThis'.",
        "error:496:35 [TS2339] Property 'offsetTop' does not exist on type 'unknown'.",
        "error:511:14 [TS2339] Property '$refs' does not exist on type '__VizeThis'.",
        "error:511:60 [TS2339] Property '$refs' does not exist on type '__VizeThis'.",
        "error:515:55 [TS2339] Property '$refs' does not exist on type '__VizeThis'.",
        "error:533:22 [TS2551] Property 'ADD_CART' does not exist on type '__VizeThis'. Did you mean 'addToCart'?",
        "error:536:60 [TS2339] Property 'REDUCE_CART' does not exist on type '__VizeThis'.",
        "error:589:7 [TS2551] Property 'CLEAR_CART' does not exist on type '__VizeThis'. Did you mean 'clearCart'?",
        "error:595:39 [TS2339] Property '$refs' does not exist on type '__VizeThis'.",
        "error:598:68 [TS2339] Property '$refs' does not exist on type '__VizeThis'.",
        "error:609:5 [TS1308] 'await' expressions are only allowed within async functions and at the top levels of modules.",
        "error:612:32 [TS2339] Property '$nextTick' does not exist on type '__VizeThis'.",
        "error:623:1 [TS1308] 'await' expressions are only allowed within async functions and at the top levels of modules.",
        "error:643:45 [TS2551] Property 'ADD_CART' does not exist on type '__VizeThis'. Did you mean 'addToCart'?",
        "error:649:32 [TS2339] Property 'timer' does not exist on type '__VizeThis'.",
        "error:649:61 [TS2339] Property 'timer' does not exist on type '__VizeThis'.",
        "error:650:33 [TS2339] Property 'timer' does not exist on type '__VizeThis'.",
        "error:687:78 [TS2339] Property '$router' does not exist on type '__VizeThis'.",
        "error:1353:17 [TS2304] Cannot find name 'attribute'."
      ]
    },
    {
      "file": "src/page/vipcard/children/invoiceRecord.vue",
      "diagnostics": [
        "error:14:42 [TS2307] Cannot find module 'vuex' or its corresponding type declarations."
      ]
    },
    {
      "file": "src/page/vipcard/children/useCart.vue",
      "diagnostics": [
        "error:4:51 [TS2304] Cannot find name 'userInfo'.",
        "error:18:48 [TS2588] Cannot assign to 'showAlert' because it is a constant.",
        "error:24:42 [TS2307] Cannot find module 'vuex' or its corresponding type declarations."
      ]
    },
    {
      "file": "src/page/vipcard/children/vipDescription.vue",
      "diagnostics": [
        "error:41:42 [TS2307] Cannot find module 'vuex' or its corresponding type declarations."
      ]
    },
    {
      "file": "src/page/vipcard/vipcard.vue",
      "diagnostics": [
        "error:4:24 [TS2304] Cannot find name 'userInfo'.",
        "error:5:44 [TS2304] Cannot find name 'userInfo'.",
        "error:5:45 [TS2304] Cannot find name 'userInfo'.",
        "error:76:42 [TS2307] Cannot find module 'vuex' or its corresponding type declarations."
      ]
    }
  ],
  "errorCount": 313,
  "warningCount": 0,
  "fileCount": 55
}
