---
source: crates/vize_atelier_dom/src/experimental_tests.rs
expression: full
---
const { toDisplayString: _toDisplayString, openBlock: _openBlock, createElementBlock: _createElementBlock, createCommentVNode: _createCommentVNode } = Vue

function render(_ctx, _cache, $props, $setup, $data, $options) {
  return (() => { const __vize_match_0 = ((__vize_match_0_0) => { a0: { if (__vize_match_0_0 == null) break a0; if (!("kind" in Object(__vize_match_0_0))) break a0; const __vize_match_0_1 = __vize_match_0_0["kind"]; if (__vize_match_0_1 !== 'article') break a0; if (!("data" in Object(__vize_match_0_0))) break a0; const __vize_match_0_2 = __vize_match_0_0["data"]; { const data = __vize_match_0_2; const article = __vize_match_0_0; return [0, data, article]; } } a1: { const __vize_match_0_3 = NaN; if (!(__vize_match_0_0 === __vize_match_0_3 || (__vize_match_0_0 !== __vize_match_0_0 && __vize_match_0_3 !== __vize_match_0_3))) break a1; return [1]; } return [-1]; })(entry); return (__vize_match_0[0] === 0)
    ? (() => { const [, data, article] = __vize_match_0; return (_openBlock(), _createElementBlock("article", { key: 0 }, _toDisplayString(article.kind) + ":" + _toDisplayString(data.title), 1 /* TEXT */)) })()
    : (__vize_match_0[0] === 1)
      ? (_openBlock(), _createElementBlock("p", { key: 1 }, "NaN"))
    : _createCommentVNode("v-if", true) })()
}
