---
source: crates/vize_atelier_core/src/codegen/tests.rs
expression: output.as_str()
---
const { resolveDirective: _resolveDirective, vModelText: _vModelText, withDirectives: _withDirectives, openBlock: _openBlock, createElementBlock: _createElementBlock } = Vue

function render(_ctx, _cache, $props, $setup, $data, $options) {
  const _directive_example = _resolveDirective("example")
  
  return _withDirectives((_openBlock(), _createElementBlock("input", {
    "onUpdate:modelValue": $event => ((inputValue) = $event)
  }, null, 8 /* PROPS */, ["onUpdate:modelValue"])), [
    [_vModelText, inputValue],
    [_directive_example]
  ])
}
