---
source: crates/vize_atelier_sfc/src/compile/tests.rs
expression: result.code.as_str()
---
import { defineComponent as _defineComponent } from 'vue'
import { ssrInterpolate as _ssrInterpolate, ssrRenderAttrs as _ssrRenderAttrs } from "@vue/server-renderer"


function ssrRender(_ctx, _push, _parent, _attrs, $props, $setup, $data, $options) {
  _push(`<div${_ssrRenderAttrs(_attrs)}>${_ssrInterpolate($setup.msg)}</div>`)
}
const msg = 'hello'

export default /*@__PURE__*/_defineComponent({
  __name: 'anonymous',
  ssrRender: ssrRender,
  setup(__props) {


const __returned__ = { msg }
Object.defineProperty(__returned__, '__isScriptSetup', { enumerable: false, value: true })
return __returned__
}

})
