---
source: crates/vize_atelier_sfc/src/compile/tests.rs
assertion_line: 1813
expression: result.code.as_str()
---
import { renderSlot as _renderSlot, normalizeClass as _normalizeClass, openBlock as _openBlock, createElementBlock as _createElementBlock } from "vue";
export default {
  __name: "ImportedSelectBase",
  props: {
    disabled: {
      type: Boolean,
      required: false
    },
    size: {
      type: String,
      required: false,
      default: "md"
    }
  },
  setup(__props) {
    const props = __props;
    return (_ctx, _cache) => {
      return _openBlock(), _createElementBlock("select", {
        class: _normalizeClass(__props.size),
        disabled: __props.disabled ? true : undefined
      }, [_renderSlot(_ctx.$slots, "default")], 10, ["disabled"]);
    };
  }
};
