---
source: crates/vize_atelier_sfc/src/lib.rs
expression: result.code.as_str()
---
import { useModel as _useModel } from 'vue'
import { defineComponent as _defineComponent } from 'vue'
import { openBlock as _openBlock, createElementBlock as _createElementBlock, toDisplayString as _toDisplayString, unref as _unref } from "vue"


interface Layer { fxId: string }

export default /*@__PURE__*/_defineComponent({
  __name: 'anonymous',
  props: {
    "layer": { required: true },
    "layerModifiers": {},
  },
  emits: ["update:layer"],
  setup(__props) {

const layer = _useModel(__props, "layer")
const fx = layer.value.fxId;
if (fx == null) {
  throw new Error('not found');
}

return (_ctx: any,_cache: any) => {
  return (_openBlock(), _createElementBlock("div", null, _toDisplayString(_unref(fx)), 1 /* TEXT */))
}
}

})
