---
source: crates/vize_atelier_vapor/src/s3/tests/events.rs
expression: code
---
import { onBinding as _onBinding, renderEffect as _renderEffect, template as _template } from 'vue';
const t0 = _template("<button>go</button>", true)

export function render(_ctx) {
  const n0 = t0()
  _renderEffect(() => {
    _onBinding(n0, _ctx.replacement, e => _ctx.save(e))
  })
  return n0
}
