---
source: crates/vize_maestro/src/ide/jsx/virtual_ts.rs
expression: generated.code.as_str()
---
declare function __vize_jsx_expr__(...args: unknown[]): any;
type __EmitShape<T> = T extends (...args: any[]) => any ? T : T extends Record<string, any> ? { [K in keyof T]: T[K] extends (...args: infer A) => any ? A : T[K] extends any[] ? T[K] : any[]; } : Record<string, any[]>;
type __EmitArgs<T, K extends keyof T> = T[K] extends any[] ? T[K] : any[];
type __EmitFn<T> = __EmitShape<T> extends (...args: any[]) => any ? __EmitShape<T> : (<K extends keyof __EmitShape<T>>(event: K, ...args: __EmitArgs<__EmitShape<T>, K>) => void);
type Ctx<Emits = {}, Slots = {}> = { emit: __EmitFn<Emits>; slots: Slots; attrs: Record<string, unknown>; };
export const Plain = ({ msg }) => __vize_jsx_expr__(() => save(msg), msg);
