---
source: crates/vize_atelier_sfc/tests/imported_prop_defaults.rs
expression: result.code.as_str()
---
import { mergeDefaults as _mergeDefaults } from "vue";
import { toDisplayString as _toDisplayString, openBlock as _openBlock, createElementBlock as _createElementBlock, createCommentVNode as _createCommentVNode } from "vue";
function _sfc_render(_ctx, _cache, $props, $setup, $data, $options) {
  return $setup.props.value !== undefined ? (_openBlock(), _createElementBlock(
    "span",
    { key: 0 },
    _toDisplayString($setup.props.label),
    1
    /* TEXT */
  )) : _createCommentVNode("v-if", true);
}
import { checkboxDefaults } from "./checkbox-defaults";
export default {
  __name: "anonymous",
  props: /*@__PURE__*/ _mergeDefaults({
    label: {
      type: [String, Boolean],
      required: false
    },
    value: {
      type: [String, Boolean],
      required: false
    }
  }, checkboxDefaults),
  render: _sfc_render,
  setup(__props) {
    const props = __props;
    const __returned__ = { props };
    Object.defineProperty(__returned__, "__isScriptSetup", {
      enumerable: false,
      value: true
    });
    return __returned__;
  }
};
