---
source: crates/vize_atelier_sfc/tests/self_closing.rs
expression: result.code
---
import { createElementVNode as _createElementVNode, openBlock as _openBlock, createElementBlock as _createElementBlock } from "vue"

export function render(_ctx, _cache) {
  return (_openBlock(), _createElementBlock("div", null, [
    _createElementVNode("span", { class: "icon" }),
    _createElementVNode("textarea"),
    _createElementVNode("p", null, "text")
  ]))
}
