---
source: crates/vize_patina/src/rules/vue/no_duplicate_attributes.rs
expression: result.diagnostics
---
[
    LintDiagnostic {
        rule_name: "vue/no-duplicate-attributes",
        severity: Error,
        message: "Duplicate attribute 'id'",
        start: 14,
        end: 21,
        help: Some(
            "Remove the duplicate attribute",
        ),
        labels: [],
        fix: None,
    },
]
