---
source: crates/vize_atelier_ssr/tests/ssr_snapshot.rs
expression: "compile_full(r#\"<div v-if=\"foo\">foo</div><div v-else-if=\"bar\">bar</div><div v-else>baz</div>\"#)"
---
function ssrRender(_ctx, _push, _parent, _attrs) {
  if (_ctx.foo) {
    _push(`<div${_ssrRenderAttrs(_attrs)}>foo</div>`)
  } else if (_ctx.bar) {
    _push(`<div${_ssrRenderAttrs(_attrs)}>bar</div>`)
  } else {
    _push(`<div${_ssrRenderAttrs(_attrs)}>baz</div>`)
  }
}
