exports[`raw hooks expose a dedicated CSS module path 1`] = `
"{\\n  \\"requestId\\": \\"<WORKSPACE>/npm/builder/unplugin/src/test/fixtures/css-module/App.vue?vue=&type=style&index=0&lang=css&module=\\",\\n  \\"resolvedId\\": \\"<WORKSPACE>/npm/builder/unplugin/src/test/fixtures/css-module/App.vue.__vize_style_0.module.css?vue=&type=style&index=0&lang=css&vize-file=<WORKSPACE>%2Fnpm%2Fbuilder%2Funplugin%2Fsrc%2Ftest%2Ffixtures%2Fcss-module%2FApp.vue&module=\\",\\n  \\"loadedCss\\": \\"/n.root {/n  color: seagreen;/n}/n\\"\\n}"
`;
