---
source: crates/vize_patina/src/rules/script/require_prop_types/tests.rs
expression: result.diagnostics
---
[
    LintDiagnostic {
        rule_name: "script/require-prop-types",
        severity: Error,
        message: "Prop 'status' should define a type.",
        start: 28,
        end: 36,
        help: Some(
            "Declare the prop's type, e.g. `{ type: String }` or the shorthand `status: String` instead of the array form or a typeless descriptor.",
        ),
        labels: [
            Label {
                message: "prop declared without a type",
                start: 28,
                end: 36,
            },
        ],
        fix: None,
    },
]
