---
source: crates/vize_atelier_vapor/src/lib.rs
expression: code.as_str()
---
import { setInsertionState as _setInsertionState, createIf as _createIf, template as _template } from 'vue';
const t0 = _template("<span>a</span>")
const t1 = _template("<i>b</i>")
const t2 = _template("<section></section>", true)
const t3 = _template("<div></div>", true)
export function render(_ctx) {
const n0 = t3()
_setInsertionState(n0, null, true)
const n1 = _createIf(() => (_ctx.ok), () => {
const n3 = t2()
_setInsertionState(n3, null, true)
const n4 = _createIf(() => (_ctx.inner), () => {
const n6 = t0()
return n6
})
_setInsertionState(n3, null, true)
const n7 = _createIf(() => (_ctx.more), () => {
const n9 = t1()
return n9
})
return n3
})
return n0
}
