---
source: crates/vize_atelier_vapor/src/lib.rs
expression: code.as_str()
---
import { child as _child, setInsertionState as _setInsertionState, createIf as _createIf, template as _template } from 'vue';
const t0 = _template("<span>a</span>", true)
const t1 = _template("<div><button></button></div>", true)
export function render(_ctx) {
const n1 = t1()
const n0 = _child(n1)
_setInsertionState(n0, null, true)
const n2 = _createIf(() => (_ctx.ok), () => {
const n4 = t0()
return n4
})
return n1
}
