---
source: crates/vize_s1_to_s2/tests/vslot_pass_snapshot.rs
expression: "$crate :: folio :: Folio ::\nprint_to_string(& *folio, $crate :: folio :: FolioMode :: Full,)"
---
[disegno]
ops=20

[disegno.ops]
ui.component Card @0:170
  ui.element template @9:72
    ui.slot-content name="head" params=js("{ icon, title }" @26:41) @19:42
    ui.element b @43:61
      ui.interpolation js("title" @49:54) @46:57
  ui.element template @75:139
    ui.slot-content name="body" mods="raw" params=js("row" @102:105) @85:106
    ui.element p @107:128
      ui.interpolation js("row.text" @113:121) @110:124
  ui.element p @142:162
    ui.text "trailing body" @145:158
ui.component Panel @171:223
  ui.slot-content params=js("props" @186:191) @178:192
  ui.element em @193:215
    ui.interpolation js("props.x" @200:207) @197:210
ui.component List @224:296
  ui.element template @233:288
    ui.slot-content name=js("cell" @245:249) params=js("value" @252:257) @243:258
    ui.element i @259:277
      ui.interpolation js("value" @265:270) @262:273
